
> @pashkovsky/profiles-store@0.1.0 build
> next build

  ▲ Next.js 14.2.5
  - Environments: .env.local

   Creating an optimized production build ...
 ✓ Compiled successfully
   Linting and checking validity of types ...
   Collecting page data ...
   Generating static pages (0/4) ...
   Generating static pages (1/4) 
   Generating static pages (2/4) 
   Generating static pages (3/4) 
 ✓ Generating static pages (4/4)
   Finalizing page optimization ...
   Collecting build traces ...

Route (app)                              Size     First Load JS
┌ ○ /                                    138 B          87.2 kB
├ ○ /_not-found                          873 B          87.9 kB
├ ƒ /[locale]                            5.02 kB         114 kB
├ ƒ /[locale]/[profileId]                3.56 kB         105 kB
├ ƒ /[locale]/cart                       4.11 kB         113 kB
├ ƒ /[locale]/checkout                   3.95 kB         100 kB
└ ƒ /[locale]/orders/[id]                1.87 kB         103 kB
+ First Load JS shared by all            87.1 kB
  ├ chunks/1dd3208c-2e909f27d9ae5251.js  53.6 kB
  ├ chunks/286-f95cfdb0be740900.js       31.5 kB
  └ other shared chunks (total)          1.89 kB


ƒ Middleware                             26.9 kB

○  (Static)   prerendered as static content
ƒ  (Dynamic)  server-rendered on demand

